../Core/Src/nokia5110.c:19:5:abs	16	static
../Core/Src/nokia5110.c:31:6:LCD_setRST	16	static
../Core/Src/nokia5110.c:36:6:LCD_setCE	16	static
../Core/Src/nokia5110.c:41:6:LCD_setDC	16	static
../Core/Src/nokia5110.c:46:6:LCD_setDIN	16	static
../Core/Src/nokia5110.c:51:6:LCD_setCLK	16	static
../Core/Src/nokia5110.c:61:6:LCD_send	24	static
../Core/Src/nokia5110.c:75:6:LCD_write	16	static
../Core/Src/nokia5110.c:92:6:LCD_init	8	static
../Core/Src/nokia5110.c:109:6:LCD_invert	16	static
../Core/Src/nokia5110.c:120:6:LCD_invertText	16	static
../Core/Src/nokia5110.c:131:6:LCD_putChar	24	static
../Core/Src/nokia5110.c:145:6:LCD_print	16	static
../Core/Src/nokia5110.c:154:6:LCD_clrScr	16	static
../Core/Src/nokia5110.c:166:6:LCD_goXY	16	static
../Core/Src/nokia5110.c:176:6:LCD_refreshScr	16	static
../Core/Src/nokia5110.c:191:6:LCD_refreshArea	32	static
../Core/Src/nokia5110.c:205:6:LCD_setPixel	16	static
../Core/Src/nokia5110.c:222:6:LCD_drawHLine	40	static
../Core/Src/nokia5110.c:239:6:LCD_drawVLine	32	static
../Core/Src/nokia5110.c:253:6:LCD_drawLine	80	static
../Core/Src/nokia5110.c:324:6:LCD_drawRectangle	24	static
